***********************************************************************************************
***                                                                                         ***
***                                    LINK INFORMATION                                     ***
***                                                                                         ***
***********************************************************************************************

Linker version:

  SEGGER ARM Linker 4.38.0 compiled Dec 15 2022 19:07:10
  Copyright (c) 2017-2022 SEGGER Microcontroller GmbH    www.segger.com


***********************************************************************************************
***                                                                                         ***
***                                     MODULE SUMMARY                                      ***
***                                                                                         ***
***********************************************************************************************

Memory use by input file:

  Object File                                       RX Code     RO Data     RW Data     ZI Data
  ---------------------------------------------  ----------  ----------  ----------  ----------
  heap_3.o                                               56                                    
  list.o                                                224                                    
  main.o                                                318           8                        
  nrf52840_Vectors.o                                    346                                    
  nRF_Startup.o                                          64                                    
  port.o                                                952                       4           5
  queue.o                                             1 348                                  64
  SEGGER_THUMB_Startup.o                                 20                                    
  system_nrf52.o                                      1 578                       4            
  tasks.o                                             3 622           9                   1 280
  timers.o                                            1 190          13                      60
  ---------------------------------------------  ----------  ----------  ----------  ----------
  Subtotal (11 objects)                               9 718          30           8       1 409
  ---------------------------------------------  ----------  ----------  ----------  ----------
  heapops_basic_v7em_fpv4_sp_d16_hard_t_le_eabi_balanced.a
                                                        264                                   4
  heapops_disable_interrupts_locking_v7em_fpv4_sp_d16_hard_t_le_eabi_balanced.a
                                                         68                                    
  libc_v7em_fpv4_sp_d16_hard_t_le_eabi_balanced.a
                                                        204                                    
  SEGGER_crtinit_v7em_fpv4_sp_d16_hard_t_le_eabi_balanced.a
                                                         98                                    
  ---------------------------------------------  ----------  ----------  ----------  ----------
  Subtotal (4 archives)                                 634                                   4
  ---------------------------------------------  ----------  ----------  ----------  ----------
  Linker created (shared data, fills, blocks):                       48                   3 072
  =============================================  ==========  ==========  ==========  ==========
  Total:                                             10 352          78           8       4 485
  =============================================  ==========  ==========  ==========  ==========

Memory use by archive member:

  Archive member                                    RX Code     RO Data     RW Data     ZI Data
  ---------------------------------------------  ----------  ----------  ----------  ----------
  heapops.o (heapops_disable_interrupts_locking_v7em_fpv4_sp_d16_hard_t_le_eabi_balanced.a)
                                                         68                                    
  heapops_basic.o (heapops_basic_v7em_fpv4_sp_d16_hard_t_le_eabi_balanced.a)
                                                        264                                   4
  SEGGER_crtinit.o (SEGGER_crtinit_v7em_fpv4_sp_d16_hard_t_le_eabi_balanced.a)
                                                         98                                    
  strasmops_arm.o (libc_v7em_fpv4_sp_d16_hard_t_le_eabi_balanced.a)
                                                        204                                    
  ---------------------------------------------  ----------  ----------  ----------  ----------
  Subtotal (4 members from 4 archives)                  634                                   4
  Objects (11 files)                                  9 718          30           8       1 409
  Linker created (shared data, fills, blocks):                       48                   3 072
  =============================================  ==========  ==========  ==========  ==========
  Total:                                             10 352          78           8       4 485
  =============================================  ==========  ==========  ==========  ==========

Memory use by linker:

  Description                                       RX Code     RO Data     RW Data     ZI Data
  ---------------------------------------------  ----------  ----------  ----------  ----------
  Initialization table                                               48                        
  Memory for block 'heap'                                                                 1 024
  Memory for block 'stack'                                                                2 048
  ---------------------------------------------  ----------  ----------  ----------  ----------
  Subtotal (linker created):                                         48                   3 072
  ---------------------------------------------  ----------  ----------  ----------  ----------
  Objects (11 files)                                  9 718          30           8       1 409
  Archives (4 files)                                    634                                   4
  =============================================  ==========  ==========  ==========  ==========
  Total:                                             10 352          78           8       4 485
  =============================================  ==========  ==========  ==========  ==========


***********************************************************************************************
***                                                                                         ***
***                                     SECTION DETAIL                                      ***
***                                                                                         ***
***********************************************************************************************

Sections by address:

  Range              Symbol or [section] Name         Size  Al  Init  Ac  Object File
  -----------------  -------------------------  ----------  --  ----  --  -----------
  00000000-000000ff  _vectors                          256  256
                                                                Code  RX  nrf52840_Vectors.o
  00000100-00000123  SVC_Handler                        36  16  Code  RX  port.o
  00000124-00000127  uxTopUsedPriority                   4   4  Cnst  RO  tasks.o
  00000128-0000012b  __heap_lock                         4   4  Code  RX  heapops.o (heapops_disable_interrupts_locking_v7em_fpv4_sp_d16_hard_t_le_eabi_balanced.a)
  0000012c-0000012f  __heap_unlock                       4   4  Code  RX  heapops.o (heapops_disable_interrupts_locking_v7em_fpv4_sp_d16_hard_t_le_eabi_balanced.a)
  00000130-00000193  PendSV_Handler                    100  16  Code  RX  port.o
  00000194-000001a7  _start                             20   4  Code  RX  SEGGER_THUMB_Startup.o
  000001a8-000001cf  HardFault_Handler                  40   4  Code  RX  nRF_Startup.o
  000001d0-000001e3  vPortEnableVFP                     20   4  Code  RX  port.o
  000001e4-0000020b  prvPortStartFirstTask              40   4  Code  RX  port.o
  0000020c-00000363  prvProcessReceivedCommands
                                                       344   4  Code  RX  timers.o
  00000364-000003c7  memcpy                            100   4  Code  RX  strasmops_arm.o (libc_v7em_fpv4_sp_d16_hard_t_le_eabi_balanced.a)
  000003c8-0000042f  __aeabi_memclr                    104   4  Code  RX  strasmops_arm.o (libc_v7em_fpv4_sp_d16_hard_t_le_eabi_balanced.a)
  00000430-00000447  __SEGGER_init_heap                 24   4  Code  RX  SEGGER_crtinit.o (SEGGER_crtinit_v7em_fpv4_sp_d16_hard_t_le_eabi_balanced.a)
  00000448-000004af  __SEGGER_RTL_alloc                104   4  Code  RX  heapops_basic.o (heapops_basic_v7em_fpv4_sp_d16_hard_t_le_eabi_balanced.a)
  000004b0-0000053b  __SEGGER_RTL_free                 140   4  Code  RX  heapops_basic.o (heapops_basic_v7em_fpv4_sp_d16_hard_t_le_eabi_balanced.a)
  0000053c-0000054f  __SEGGER_RTL_init_heap             20   4  Code  RX  heapops_basic.o (heapops_basic_v7em_fpv4_sp_d16_hard_t_le_eabi_balanced.a)
  00000550-0000056f  malloc                             32   4  Code  RX  heapops.o (heapops_disable_interrupts_locking_v7em_fpv4_sp_d16_hard_t_le_eabi_balanced.a)
  00000570-0000058b  free                               28   4  Code  RX  heapops.o (heapops_disable_interrupts_locking_v7em_fpv4_sp_d16_hard_t_le_eabi_balanced.a)
  0000058c-00000605  nrf52_errata_36                   122   4  Code  RX  system_nrf52.o
  00000606-00000623  nrf52_handle_approtect             30   2  Code  RX  system_nrf52.o
  00000624-0000069d  nrf52_errata_66                   122   4  Code  RX  system_nrf52.o
  0000069e-000006bb  nrf_gpio_pin_set                   30   2  Code  RX  main.o
  000006bc-00000735  nrf52_errata_98                   122   4  Code  RX  system_nrf52.o
  00000736-00000763  nrf_gpio_pin_port_decode           46   2  Code  RX  main.o
  00000764-000007dd  nrf52_errata_103                  122   4  Code  RX  system_nrf52.o
  000007de-000007ef  nrf_gpio_port_out_set              18   2  Code  RX  main.o
  000007f0-00000869  nrf52_errata_115                  122   4  Code  RX  system_nrf52.o
  0000086a-0000086b  NMI_Handler                         2   2  Code  RX  nrf52840_Vectors.o
  0000086c-000008e5  nrf52_errata_120                  122   4  Code  RX  system_nrf52.o
  000008e6-000008e7  POWER_CLOCK_IRQHandler              2   2  Code  RX  nrf52840_Vectors.o
  000008e8-00000961  nrf52_errata_136                  122   4  Code  RX  system_nrf52.o
  00000962-00000963  RADIO_IRQHandler                    2   2  Code  RX  nrf52840_Vectors.o
  00000964-000009dd  nrf52_configuration_249           122   4  Code  RX  system_nrf52.o
  000009de-000009df  UARTE0_UART0_IRQHandler             2   2  Code  RX  nrf52840_Vectors.o
  000009e0-000009e1  SPIM0_SPIS0_TWIM0_TWIS0_SPI0_TWI0_IRQHandler
                                                         2   2  Code  RX  nrf52840_Vectors.o
  000009e2-000009e3  SPIM1_SPIS1_TWIM1_TWIS1_SPI1_TWI1_IRQHandler
                                                         2   2  Code  RX  nrf52840_Vectors.o
  000009e4-000009e5  NFCT_IRQHandler                     2   2  Code  RX  nrf52840_Vectors.o
  000009e6-000009e7  GPIOTE_IRQHandler                   2   2  Code  RX  nrf52840_Vectors.o
  000009e8-000009e9  SAADC_IRQHandler                    2   2  Code  RX  nrf52840_Vectors.o
  000009ea-000009eb  TIMER0_IRQHandler                   2   2  Code  RX  nrf52840_Vectors.o
  000009ec-000009ed  TIMER1_IRQHandler                   2   2  Code  RX  nrf52840_Vectors.o
  000009ee-000009ef  TIMER2_IRQHandler                   2   2  Code  RX  nrf52840_Vectors.o
  000009f0-000009f1  RTC0_IRQHandler                     2   2  Code  RX  nrf52840_Vectors.o
  000009f2-000009f3  TEMP_IRQHandler                     2   2  Code  RX  nrf52840_Vectors.o
  000009f4-000009f5  RNG_IRQHandler                      2   2  Code  RX  nrf52840_Vectors.o
  000009f6-000009f7  ECB_IRQHandler                      2   2  Code  RX  nrf52840_Vectors.o
  000009f8-000009f9  CCM_AAR_IRQHandler                  2   2  Code  RX  nrf52840_Vectors.o
  000009fa-000009fb  WDT_IRQHandler                      2   2  Code  RX  nrf52840_Vectors.o
  000009fc-000009fd  RTC1_IRQHandler                     2   2  Code  RX  nrf52840_Vectors.o
  000009fe-000009ff  QDEC_IRQHandler                     2   2  Code  RX  nrf52840_Vectors.o
  00000a00-00000a01  COMP_LPCOMP_IRQHandler              2   2  Code  RX  nrf52840_Vectors.o
  00000a02-00000a03  SWI0_EGU0_IRQHandler                2   2  Code  RX  nrf52840_Vectors.o
  00000a04-00000a05  SWI1_EGU1_IRQHandler                2   2  Code  RX  nrf52840_Vectors.o
  00000a06-00000a07  SWI2_EGU2_IRQHandler                2   2  Code  RX  nrf52840_Vectors.o
  00000a08-00000a09  SWI3_EGU3_IRQHandler                2   2  Code  RX  nrf52840_Vectors.o
  00000a0a-00000a0b  SWI4_EGU4_IRQHandler                2   2  Code  RX  nrf52840_Vectors.o
  00000a0c-00000a0d  SWI5_EGU5_IRQHandler                2   2  Code  RX  nrf52840_Vectors.o
  00000a0e-00000a0f  TIMER3_IRQHandler                   2   2  Code  RX  nrf52840_Vectors.o
  00000a10-00000a11  TIMER4_IRQHandler                   2   2  Code  RX  nrf52840_Vectors.o
  00000a12-00000a13  PWM0_IRQHandler                     2   2  Code  RX  nrf52840_Vectors.o
  00000a14-00000a15  PDM_IRQHandler                      2   2  Code  RX  nrf52840_Vectors.o
  00000a16-00000a17  MWU_IRQHandler                      2   2  Code  RX  nrf52840_Vectors.o
  00000a18-00000a19  PWM1_IRQHandler                     2   2  Code  RX  nrf52840_Vectors.o
  00000a1a-00000a1b  PWM2_IRQHandler                     2   2  Code  RX  nrf52840_Vectors.o
  00000a1c-00000a1d  SPIM2_SPIS2_SPI2_IRQHandler
                                                         2   2  Code  RX  nrf52840_Vectors.o
  00000a1e-00000a1f  RTC2_IRQHandler                     2   2  Code  RX  nrf52840_Vectors.o
  00000a20-00000a21  I2S_IRQHandler                      2   2  Code  RX  nrf52840_Vectors.o
  00000a22-00000a23  FPU_IRQHandler                      2   2  Code  RX  nrf52840_Vectors.o
  00000a24-00000a25  USBD_IRQHandler                     2   2  Code  RX  nrf52840_Vectors.o
  00000a26-00000a27  UARTE1_IRQHandler                   2   2  Code  RX  nrf52840_Vectors.o
  00000a28-00000a29  QSPI_IRQHandler                     2   2  Code  RX  nrf52840_Vectors.o
  00000a2a-00000a2b  CRYPTOCELL_IRQHandler               2   2  Code  RX  nrf52840_Vectors.o
  00000a2c-00000a2d  PWM3_IRQHandler                     2   2  Code  RX  nrf52840_Vectors.o
  00000a2e-00000a2f  SPIM3_IRQHandler                    2   2  Code  RX  nrf52840_Vectors.o
  00000a30-00000a31  Dummy_Handler                       2   2  Code  RX  nrf52840_Vectors.o
  00000a32-00000a8f  pxPortInitialiseStack              94   2  Code  RX  port.o
  00000a90-00000bd5  xPortStartScheduler               326   2  Code  RX  port.o
  00000bd6-00000c23  vPortEnterCritical                 78   2  Code  RX  port.o
  00000c24-00000c65  vPortExitCritical                  66   2  Code  RX  port.o
  00000c66-00000c93  vListInitialise                    46   2  Code  RX  list.o
  00000c94-00000ca1  vListInitialiseItem                14   2  Code  RX  list.o
  00000ca2-00000d3b  prvUnlockQueue                    154   2  Code  RX  queue.o
  00000d3c-00000ed5  xQueueReceive                     410   2  Code  RX  queue.o
  00000ed6-00000f0f  prvCopyDataFromQueue               58   2  Code  RX  queue.o
  00000f10-00000fa9  vQueueAddToRegistry               154   2  Code  RX  queue.o
  00000faa-000010af  prvInitialiseNewTask              262   2  Code  RX  tasks.o
  000010b0-00001165  vTaskSwitchContext                182   2  Code  RX  tasks.o
  00001166-00001197  prvIdleTask                        50   2  Code  RX  tasks.o
  00001198-000013cd  xTaskIncrementTick                566   2  Code  RX  tasks.o
  000013ce-0000140b  vTaskPlaceOnEventList              62   2  Code  RX  tasks.o
  0000140c-00001419  vTaskMissedYield                   14   2  Code  RX  tasks.o
  0000141a-0000146f  prvCheckTasksWaitingTermination
                                                        86   2  Code  RX  tasks.o
  00001470-000014bd  prvSwitchTimerLists                78   2  Code  RX  timers.o
  000014be-000014d1  SystemCoreClockUpdate              20   2  Code  RX  system_nrf52.o
  000014d2-000016f9  SystemInit                        552   2  Code  RX  system_nrf52.o
  000016fa-0000170d  blinky_led2                        20   2  Code  RX  main.o
  0000170e-00001729  nrf_gpio_cfg_output                28   2  Code  RX  main.o
  0000172a-00001779  main                               80   2  Code  RX  main.o
  0000177a-000017d9  nrf_gpio_cfg                       96   2  Code  RX  main.o
  000017da-000017f1  reset_handler                      24   2  Code  RX  nRF_Startup.o
  000017f2-00001835  prvTaskExitError                   68   2  Code  RX  port.o
  00001836-00001879  vPortSetupTimerInterrupt           68   2  Code  RX  port.o
  0000187a-000018b1  SysTick_Handler                    56   2  Code  RX  port.o
  000018b2-000018cd  pvPortMalloc                       28   2  Code  RX  heap_3.o
  000018ce-000018e9  vPortFree                          28   2  Code  RX  heap_3.o
  000018ea-00001949  vListInsert                        96   2  Code  RX  list.o
  0000194a-0000198d  uxListRemove                       68   2  Code  RX  list.o
  0000198e-00001a79  xQueueGenericReset                236   2  Code  RX  queue.o
  00001a7a-00001b09  xQueueGenericCreate               144   2  Code  RX  queue.o
  00001b0a-00001b4d  prvInitialiseNewQueue              68   2  Code  RX  queue.o
  00001b4e-00001b71  prvIsQueueEmpty                    36   2  Code  RX  queue.o
  00001b72-00001bc9  vQueueWaitForMessageRestricted
                                                        88   2  Code  RX  queue.o
  00001bca-00001c5d  xTaskCreate                       148   2  Code  RX  tasks.o
  00001c5e-00001da1  prvAddNewTaskToReadyList          324   2  Code  RX  tasks.o
  00001da2-00001dd9  prvResetNextTaskUnblockTime
                                                        56   2  Code  RX  tasks.o
  00001dda-00001df1  prvDeleteTCB                       24   2  Code  RX  tasks.o
  00001df2-00001e01  vTaskSuspendAll                    16   2  Code  RX  tasks.o
  00001e02-00001ee9  prvAddCurrentTaskToDelayedList
                                                       232   2  Code  RX  tasks.o
  00001eea-000020e1  xTaskResumeAll                    504   2  Code  RX  tasks.o
  000020e2-00002189  vTaskStartScheduler               168   2  Code  RX  tasks.o
  0000218a-0000219d  xTaskGetTickCount                  20   2  Code  RX  tasks.o
  0000219e-00002211  vTaskPlaceOnEventListRestricted
                                                       116   2  Code  RX  tasks.o
  00002212-00002391  xTaskRemoveFromEventList          384   2  Code  RX  tasks.o
  00002392-000023b5  vTaskInternalSetTimeOutState
                                                        36   2  Code  RX  tasks.o
  000023b6-00002471  xTaskCheckForTimeOut              188   2  Code  RX  tasks.o
  00002472-000024a1  xTaskGetSchedulerState             48   2  Code  RX  tasks.o
  000024a2-00002529  prvInitialiseTaskLists            136   2  Code  RX  tasks.o
  0000252a-0000258d  xTimerCreateTimerTask             100   2  Code  RX  timers.o
  0000258e-00002611  prvCheckForValidListAndQueue
                                                       132   2  Code  RX  timers.o
  00002612-0000262d  prvTimerTask                       28   2  Code  RX  timers.o
  0000262e-00002669  prvGetNextExpireTime               60   2  Code  RX  timers.o
  0000266a-000026f1  prvProcessTimerOrBlockTask
                                                       136   2  Code  RX  timers.o
  000026f2-00002731  prvSampleTimeNow                   64   2  Code  RX  timers.o
  00002732-00002781  prvProcessExpiredTimer             80   2  Code  RX  timers.o
  00002782-000027b1  prvReloadTimer                     48   2  Code  RX  timers.o
  000027b2-00002829  prvInsertTimerInActiveList
                                                       120   2  Code  RX  timers.o
  0000282a-0000282e  [.rodata..L.str]                    5   1  Cnst  RO  tasks.o
  0000282f-00002833  [.rodata..L.str.1]                  5   1  Cnst  RO  timers.o
  00002834-00002837  [.init_array]                       4   4  ----  --  nRF_Startup.o
  00002838-0000283f  [.rodata..L.str]                    8   1  Cnst  RO  main.o
  00002840-00002847  [.rodata..L.str]                    8   1  Cnst  RO  timers.o
  00002848-0000286b  __SEGGER_init_ctors                36   4  Code  RX  SEGGER_crtinit.o (SEGGER_crtinit_v7em_fpv4_sp_d16_hard_t_le_eabi_balanced.a)
  0000286c-00002893  __SEGGER_init_table__              40   4  Cnst  RO  [ Linker created ]
  00002894-0000289b  __SEGGER_init_data__                8   4  Cnst  RO  [ Linker created ]
  0000289c-000028ad  __SEGGER_init_zero                 18   2  Code  RX  SEGGER_crtinit.o (SEGGER_crtinit_v7em_fpv4_sp_d16_hard_t_le_eabi_balanced.a)
  000028ae-000028c1  __SEGGER_init_copy                 20   2  Code  RX  SEGGER_crtinit.o (SEGGER_crtinit_v7em_fpv4_sp_d16_hard_t_le_eabi_balanced.a)
  000028c2-1fffffff  ( UNUSED .=.+536860478 )   536 860 478
                                                             -  ----  -   -
  20000000-2000045f  pxReadyTasksLists               1 120   4  Zero  ZI  tasks.o
  20000460-2000049f  xQueueRegistry                     64   4  Zero  ZI  queue.o
  200004a0-200004b3  xTasksWaitingTermination           20   4  Zero  ZI  tasks.o
  200004b4-200004c7  xSuspendedTaskList                 20   4  Zero  ZI  tasks.o
  200004c8-200004db  xPendingReadyList                  20   4  Zero  ZI  tasks.o
  200004dc-200004ef  xDelayedTaskList2                  20   4  Zero  ZI  tasks.o
  200004f0-20000503  xDelayedTaskList1                  20   4  Zero  ZI  tasks.o
  20000504-20000517  xActiveTimerList2                  20   4  Zero  ZI  timers.o
  20000518-2000052b  xActiveTimerList1                  20   4  Zero  ZI  timers.o
  2000052c-2000052f  xYieldPending                       4   4  Zero  ZI  tasks.o
  20000530-20000533  xTimerTaskHandle                    4   4  Zero  ZI  timers.o
  20000534-20000537  xTimerQueue                         4   4  Zero  ZI  timers.o
  20000538-2000053b  xTickCount                          4   4  Zero  ZI  tasks.o
  2000053c-2000053f  xSchedulerRunning                   4   4  Zero  ZI  tasks.o
  20000540-20000543  xPendedTicks                        4   4  Zero  ZI  tasks.o
  20000544-20000547  xNumOfOverflows                     4   4  Zero  ZI  tasks.o
  20000548-2000054b  xNextTaskUnblockTime                4   4  Zero  ZI  tasks.o
  2000054c-2000054f  xIdleTaskHandle                     4   4  Zero  ZI  tasks.o
  20000550-20000553  uxTopReadyPriority                  4   4  Zero  ZI  tasks.o
  20000554-20000557  uxTaskNumber                        4   4  Zero  ZI  tasks.o
  20000558-2000055b  uxSchedulerSuspended                4   4  Zero  ZI  tasks.o
  2000055c-2000055f  uxDeletedTasksWaitingCleanUp
                                                         4   4  Zero  ZI  tasks.o
  20000560-20000563  uxCurrentNumberOfTasks              4   4  Zero  ZI  tasks.o
  20000564-20000567  ulMaxPRIGROUPValue                  4   4  Zero  ZI  port.o
  20000568-2000056b  pxOverflowTimerList                 4   4  Zero  ZI  timers.o
  2000056c-2000056f  pxOverflowDelayedTaskList           4   4  Zero  ZI  tasks.o
  20000570-20000573  pxDelayedTaskList                   4   4  Zero  ZI  tasks.o
  20000574-20000577  pxCurrentTimerList                  4   4  Zero  ZI  timers.o
  20000578-2000057b  pxCurrentTCB                        4   4  Zero  ZI  tasks.o
  2000057c-2000057f  prvSampleTimeNow.xLastTime
                                                         4   4  Zero  ZI  timers.o
  20000580-20000583  __SEGGER_RTL_heap_globals           4   4  Zero  ZI  heapops_basic.o (heapops_basic_v7em_fpv4_sp_d16_hard_t_le_eabi_balanced.a)
  20000584-20000584  ucMaxSysCallPriority                1   1  Zero  ZI  port.o
  20000585-20000587  ( UNUSED .=.+3 )                    3   -  ----  -   -
  20000588-2000058b  uxCriticalNesting                   4   4  Init  RW  port.o
  2000058c-2000058f  SystemCoreClock                     4   4  Init  RW  system_nrf52.o
  20000590-2000098f  [.bss.block.heap]               1 024   8  None  ZI  [ Linker created ]
  20000990-2003f7ff  ( UNUSED .=.+257648 )         257 648   -  ----  -   -
  2003f800-2003ffff  [.bss.block.stack]              2 048   8  None  ZI  [ Linker created ]


***********************************************************************************************
***                                                                                         ***
***                                       SYMBOL LIST                                       ***
***                                                                                         ***
***********************************************************************************************

Function symbols by name:

  Symbol name                   Address        Size  Align  Type  Bd  Object File
  -------------------------  ----------  ----------  -----  ----  --  -----------
  CCM_AAR_IRQHandler         0x000009F9                  2  Code  Wk  nrf52840_Vectors.o
  COMP_LPCOMP_IRQHandler     0x00000A01                  2  Code  Wk  nrf52840_Vectors.o
  CRYPTOCELL_IRQHandler      0x00000A2B                  2  Code  Wk  nrf52840_Vectors.o
  Dummy_Handler              0x00000A31                  2  Code  Wk  nrf52840_Vectors.o
  ECB_IRQHandler             0x000009F7                  2  Code  Wk  nrf52840_Vectors.o
  FPU_IRQHandler             0x00000A23                  2  Code  Wk  nrf52840_Vectors.o
  GPIOTE_IRQHandler          0x000009E7                  2  Code  Wk  nrf52840_Vectors.o
  HardFault_Handler          0x000001A9                  4  Code  Wk  nRF_Startup.o
  I2S_IRQHandler             0x00000A21                  2  Code  Wk  nrf52840_Vectors.o
  MWU_IRQHandler             0x00000A17                  2  Code  Wk  nrf52840_Vectors.o
  NFCT_IRQHandler            0x000009E5                  2  Code  Wk  nrf52840_Vectors.o
  NMI_Handler                0x0000086B                  2  Code  Wk  nrf52840_Vectors.o
  PDM_IRQHandler             0x00000A15                  2  Code  Wk  nrf52840_Vectors.o
  POWER_CLOCK_IRQHandler     0x000008E7                  2  Code  Wk  nrf52840_Vectors.o
  PWM0_IRQHandler            0x00000A13                  2  Code  Wk  nrf52840_Vectors.o
  PWM1_IRQHandler            0x00000A19                  2  Code  Wk  nrf52840_Vectors.o
  PWM2_IRQHandler            0x00000A1B                  2  Code  Wk  nrf52840_Vectors.o
  PWM3_IRQHandler            0x00000A2D                  2  Code  Wk  nrf52840_Vectors.o
  PendSV_Handler             0x00000131         100     16  Code  Gb  port.o
  QDEC_IRQHandler            0x000009FF                  2  Code  Wk  nrf52840_Vectors.o
  QSPI_IRQHandler            0x00000A29                  2  Code  Wk  nrf52840_Vectors.o
  RADIO_IRQHandler           0x00000963                  2  Code  Wk  nrf52840_Vectors.o
  RNG_IRQHandler             0x000009F5                  2  Code  Wk  nrf52840_Vectors.o
  RTC0_IRQHandler            0x000009F1                  2  Code  Wk  nrf52840_Vectors.o
  RTC1_IRQHandler            0x000009FD                  2  Code  Wk  nrf52840_Vectors.o
  RTC2_IRQHandler            0x00000A1F                  2  Code  Wk  nrf52840_Vectors.o
  Reset_Handler              0x000017DB                  2  Code  Gb  nRF_Startup.o
  SAADC_IRQHandler           0x000009E9                  2  Code  Wk  nrf52840_Vectors.o
  SPIM0_SPIS0_TWIM0_TWIS0_SPI0_TWI0_IRQHandler
                             0x000009E1                  2  Code  Wk  nrf52840_Vectors.o
  SPIM1_SPIS1_TWIM1_TWIS1_SPI1_TWI1_IRQHandler
                             0x000009E3                  2  Code  Wk  nrf52840_Vectors.o
  SPIM2_SPIS2_SPI2_IRQHandler
                             0x00000A1D                  2  Code  Wk  nrf52840_Vectors.o
  SPIM3_IRQHandler           0x00000A2F                  2  Code  Wk  nrf52840_Vectors.o
  SVC_Handler                0x00000101          36     16  Code  Gb  port.o
  SWI0_EGU0_IRQHandler       0x00000A03                  2  Code  Wk  nrf52840_Vectors.o
  SWI1_EGU1_IRQHandler       0x00000A05                  2  Code  Wk  nrf52840_Vectors.o
  SWI2_EGU2_IRQHandler       0x00000A07                  2  Code  Wk  nrf52840_Vectors.o
  SWI3_EGU3_IRQHandler       0x00000A09                  2  Code  Wk  nrf52840_Vectors.o
  SWI4_EGU4_IRQHandler       0x00000A0B                  2  Code  Wk  nrf52840_Vectors.o
  SWI5_EGU5_IRQHandler       0x00000A0D                  2  Code  Wk  nrf52840_Vectors.o
  SysTick_Handler            0x0000187B          56      2  Code  Gb  port.o
  SystemCoreClockUpdate      0x000014BF          20      2  Code  Gb  system_nrf52.o
  SystemInit                 0x000014D3         552      2  Code  Gb  system_nrf52.o
  TEMP_IRQHandler            0x000009F3                  2  Code  Wk  nrf52840_Vectors.o
  TIMER0_IRQHandler          0x000009EB                  2  Code  Wk  nrf52840_Vectors.o
  TIMER1_IRQHandler          0x000009ED                  2  Code  Wk  nrf52840_Vectors.o
  TIMER2_IRQHandler          0x000009EF                  2  Code  Wk  nrf52840_Vectors.o
  TIMER3_IRQHandler          0x00000A0F                  2  Code  Wk  nrf52840_Vectors.o
  TIMER4_IRQHandler          0x00000A11                  2  Code  Wk  nrf52840_Vectors.o
  UARTE0_UART0_IRQHandler    0x000009DF                  2  Code  Wk  nrf52840_Vectors.o
  UARTE1_IRQHandler          0x00000A27                  2  Code  Wk  nrf52840_Vectors.o
  USBD_IRQHandler            0x00000A25                  2  Code  Wk  nrf52840_Vectors.o
  WDT_IRQHandler             0x000009FB                  2  Code  Wk  nrf52840_Vectors.o
  __SEGGER_RTL_alloc         0x00000449         104      4  Code  Gb  heapops_basic.o (heapops_basic_v7em_fpv4_sp_d16_hard_t_le_eabi_balanced.a)
  __SEGGER_RTL_free          0x000004B1         140      4  Code  Gb  heapops_basic.o (heapops_basic_v7em_fpv4_sp_d16_hard_t_le_eabi_balanced.a)
  __SEGGER_RTL_init_heap     0x0000053D          20      4  Code  Wk  heapops_basic.o (heapops_basic_v7em_fpv4_sp_d16_hard_t_le_eabi_balanced.a)
  __SEGGER_init_copy         0x000028AF          20      2  Code  Wk  SEGGER_crtinit.o (SEGGER_crtinit_v7em_fpv4_sp_d16_hard_t_le_eabi_balanced.a)
  __SEGGER_init_ctors        0x00002849          26      4  Code  Wk  SEGGER_crtinit.o (SEGGER_crtinit_v7em_fpv4_sp_d16_hard_t_le_eabi_balanced.a)
  __SEGGER_init_done         0x0000019F                  4  Code  Gb  SEGGER_THUMB_Startup.o
  __SEGGER_init_heap         0x00000431          16      4  Code  Wk  SEGGER_crtinit.o (SEGGER_crtinit_v7em_fpv4_sp_d16_hard_t_le_eabi_balanced.a)
  __SEGGER_init_zero         0x0000289D          18      2  Code  Wk  SEGGER_crtinit.o (SEGGER_crtinit_v7em_fpv4_sp_d16_hard_t_le_eabi_balanced.a)
  __aeabi_memclr             0x000003C9         104      4  Code  Wk  strasmops_arm.o (libc_v7em_fpv4_sp_d16_hard_t_le_eabi_balanced.a)
  __aeabi_memclr4            0x000003C9                  4  Code  Wk  strasmops_arm.o (libc_v7em_fpv4_sp_d16_hard_t_le_eabi_balanced.a)
  __aeabi_memclr8            0x000003C9                  4  Code  Wk  strasmops_arm.o (libc_v7em_fpv4_sp_d16_hard_t_le_eabi_balanced.a)
  __aeabi_memcpy             0x00000365                  4  Code  Wk  strasmops_arm.o (libc_v7em_fpv4_sp_d16_hard_t_le_eabi_balanced.a)
  __aeabi_memcpy4            0x00000387                  4  Code  Wk  strasmops_arm.o (libc_v7em_fpv4_sp_d16_hard_t_le_eabi_balanced.a)
  __aeabi_memcpy8            0x00000387                  4  Code  Wk  strasmops_arm.o (libc_v7em_fpv4_sp_d16_hard_t_le_eabi_balanced.a)
  __aeabi_memset             0x000003CB                  4  Code  Wk  strasmops_arm.o (libc_v7em_fpv4_sp_d16_hard_t_le_eabi_balanced.a)
  __aeabi_memset4            0x000003CB                  4  Code  Wk  strasmops_arm.o (libc_v7em_fpv4_sp_d16_hard_t_le_eabi_balanced.a)
  __aeabi_memset8            0x000003CB                  4  Code  Wk  strasmops_arm.o (libc_v7em_fpv4_sp_d16_hard_t_le_eabi_balanced.a)
  __heap_lock                0x00000129           2      4  Code  Wk  heapops.o (heapops_disable_interrupts_locking_v7em_fpv4_sp_d16_hard_t_le_eabi_balanced.a)
  __heap_unlock              0x0000012D           2      4  Code  Wk  heapops.o (heapops_disable_interrupts_locking_v7em_fpv4_sp_d16_hard_t_le_eabi_balanced.a)
  __startup_complete         0x0000019F                  4  Code  Gb  SEGGER_THUMB_Startup.o
  _start                     0x00000195          14      4  Code  Gb  SEGGER_THUMB_Startup.o
  blinky_led2                0x000016FB          20      2  Code  Gb  main.o
  exit                       0x000001A3           2      4  Code  Gb  SEGGER_THUMB_Startup.o
  free                       0x00000571          26      4  Code  Wk  heapops.o (heapops_disable_interrupts_locking_v7em_fpv4_sp_d16_hard_t_le_eabi_balanced.a)
  main                       0x0000172B          80      2  Code  Gb  main.o
  malloc                     0x00000551          30      4  Code  Wk  heapops.o (heapops_disable_interrupts_locking_v7em_fpv4_sp_d16_hard_t_le_eabi_balanced.a)
  memcpy                     0x00000365          98      4  Code  Wk  strasmops_arm.o (libc_v7em_fpv4_sp_d16_hard_t_le_eabi_balanced.a)
  memset                     0x000003D1                  4  Code  Wk  strasmops_arm.o (libc_v7em_fpv4_sp_d16_hard_t_le_eabi_balanced.a)
  nrf52_configuration_249    0x00000965         122      4  Code  Lc  system_nrf52.o
  nrf52_errata_103           0x00000765         122      4  Code  Lc  system_nrf52.o
  nrf52_errata_115           0x000007F1         122      4  Code  Lc  system_nrf52.o
  nrf52_errata_120           0x0000086D         122      4  Code  Lc  system_nrf52.o
  nrf52_errata_136           0x000008E9         122      4  Code  Lc  system_nrf52.o
  nrf52_errata_36            0x0000058D         122      4  Code  Lc  system_nrf52.o
  nrf52_errata_66            0x00000625         122      4  Code  Lc  system_nrf52.o
  nrf52_errata_98            0x000006BD         122      4  Code  Lc  system_nrf52.o
  nrf52_handle_approtect     0x00000607          30      2  Code  Lc  system_nrf52.o
  nrf_gpio_cfg               0x0000177B          96      2  Code  Lc  main.o
  nrf_gpio_cfg_output        0x0000170F          28      2  Code  Lc  main.o
  nrf_gpio_pin_port_decode   0x00000737          46      2  Code  Lc  main.o
  nrf_gpio_pin_set           0x0000069F          30      2  Code  Lc  main.o
  nrf_gpio_port_out_set      0x000007DF          18      2  Code  Lc  main.o
  prvAddCurrentTaskToDelayedList
                             0x00001E03         232      2  Code  Lc  tasks.o
  prvAddNewTaskToReadyList   0x00001C5F         324      2  Code  Lc  tasks.o
  prvCheckForValidListAndQueue
                             0x0000258F         132      2  Code  Lc  timers.o
  prvCheckTasksWaitingTermination
                             0x0000141B          86      2  Code  Lc  tasks.o
  prvCopyDataFromQueue       0x00000ED7          58      2  Code  Lc  queue.o
  prvDeleteTCB               0x00001DDB          24      2  Code  Lc  tasks.o
  prvGetNextExpireTime       0x0000262F          60      2  Code  Lc  timers.o
  prvIdleTask                0x00001167          50      2  Code  Lc  tasks.o
  prvInitialiseNewQueue      0x00001B0B          68      2  Code  Lc  queue.o
  prvInitialiseNewTask       0x00000FAB         262      2  Code  Lc  tasks.o
  prvInitialiseTaskLists     0x000024A3         136      2  Code  Lc  tasks.o
  prvInsertTimerInActiveList
                             0x000027B3         120      2  Code  Lc  timers.o
  prvIsQueueEmpty            0x00001B4F          36      2  Code  Lc  queue.o
  prvPortStartFirstTask      0x000001E5          40      4  Code  Lc  port.o
  prvProcessExpiredTimer     0x00002733          80      2  Code  Lc  timers.o
  prvProcessReceivedCommands
                             0x0000020D         344      4  Code  Lc  timers.o
  prvProcessTimerOrBlockTask
                             0x0000266B         136      2  Code  Lc  timers.o
  prvReloadTimer             0x00002783          48      2  Code  Lc  timers.o
  prvResetNextTaskUnblockTime
                             0x00001DA3          56      2  Code  Lc  tasks.o
  prvSampleTimeNow           0x000026F3          64      2  Code  Lc  timers.o
  prvSwitchTimerLists        0x00001471          78      2  Code  Lc  timers.o
  prvTaskExitError           0x000017F3          68      2  Code  Lc  port.o
  prvTimerTask               0x00002613          28      2  Code  Lc  timers.o
  prvUnlockQueue             0x00000CA3         154      2  Code  Lc  queue.o
  pvPortMalloc               0x000018B3          28      2  Code  Gb  heap_3.o
  pxPortInitialiseStack      0x00000A33          94      2  Code  Gb  port.o
  reset_handler              0x000017DB                  2  Code  Gb  nRF_Startup.o
  uxListRemove               0x0000194B          68      2  Code  Gb  list.o
  vListInitialise            0x00000C67          46      2  Code  Gb  list.o
  vListInitialiseItem        0x00000C95          14      2  Code  Gb  list.o
  vListInsert                0x000018EB          96      2  Code  Gb  list.o
  vPortEnableVFP             0x000001D1          20      4  Code  Lc  port.o
  vPortEnterCritical         0x00000BD7          78      2  Code  Gb  port.o
  vPortExitCritical          0x00000C25          66      2  Code  Gb  port.o
  vPortFree                  0x000018CF          28      2  Code  Gb  heap_3.o
  vPortSetupTimerInterrupt   0x00001837          68      2  Code  Wk  port.o
  vQueueAddToRegistry        0x00000F11         154      2  Code  Gb  queue.o
  vQueueWaitForMessageRestricted
                             0x00001B73          88      2  Code  Gb  queue.o
  vTaskInternalSetTimeOutState
                             0x00002393          36      2  Code  Gb  tasks.o
  vTaskMissedYield           0x0000140D          14      2  Code  Gb  tasks.o
  vTaskPlaceOnEventList      0x000013CF          62      2  Code  Gb  tasks.o
  vTaskPlaceOnEventListRestricted
                             0x0000219F         116      2  Code  Gb  tasks.o
  vTaskStartScheduler        0x000020E3         168      2  Code  Gb  tasks.o
  vTaskSuspendAll            0x00001DF3          16      2  Code  Gb  tasks.o
  vTaskSwitchContext         0x000010B1         182      2  Code  Gb  tasks.o
  xPortStartScheduler        0x00000A91         326      2  Code  Gb  port.o
  xQueueGenericCreate        0x00001A7B         144      2  Code  Gb  queue.o
  xQueueGenericReset         0x0000198F         236      2  Code  Gb  queue.o
  xQueueReceive              0x00000D3D         410      2  Code  Gb  queue.o
  xTaskCheckForTimeOut       0x000023B7         188      2  Code  Gb  tasks.o
  xTaskCreate                0x00001BCB         148      2  Code  Gb  tasks.o
  xTaskGetSchedulerState     0x00002473          48      2  Code  Gb  tasks.o
  xTaskGetTickCount          0x0000218B          20      2  Code  Gb  tasks.o
  xTaskIncrementTick         0x00001199         566      2  Code  Gb  tasks.o
  xTaskRemoveFromEventList   0x00002213         384      2  Code  Gb  tasks.o
  xTaskResumeAll             0x00001EEB         504      2  Code  Gb  tasks.o
  xTimerCreateTimerTask      0x0000252B         100      2  Code  Gb  timers.o

Function symbols by address:

     Address  Symbol name                      Size  Align  Type  Bd  Object File
  ----------  -------------------------  ----------  -----  ----  --  -----------
  0x00000101  SVC_Handler                        36     16  Code  Gb  port.o
  0x00000129  __heap_lock                         2      4  Code  Wk  heapops.o (heapops_disable_interrupts_locking_v7em_fpv4_sp_d16_hard_t_le_eabi_balanced.a)
  0x0000012D  __heap_unlock                       2      4  Code  Wk  heapops.o (heapops_disable_interrupts_locking_v7em_fpv4_sp_d16_hard_t_le_eabi_balanced.a)
  0x00000131  PendSV_Handler                    100     16  Code  Gb  port.o
  0x00000195  _start                             14      4  Code  Gb  SEGGER_THUMB_Startup.o
  0x0000019F  __startup_complete                         4  Code  Gb  SEGGER_THUMB_Startup.o
  0x0000019F  __SEGGER_init_done                         4  Code  Gb  SEGGER_THUMB_Startup.o
  0x000001A3  exit                                2      4  Code  Gb  SEGGER_THUMB_Startup.o
  0x000001A9  HardFault_Handler                          4  Code  Wk  nRF_Startup.o
  0x000001D1  vPortEnableVFP                     20      4  Code  Lc  port.o
  0x000001E5  prvPortStartFirstTask              40      4  Code  Lc  port.o
  0x0000020D  prvProcessReceivedCommands
                                                344      4  Code  Lc  timers.o
  0x00000365  memcpy                             98      4  Code  Wk  strasmops_arm.o (libc_v7em_fpv4_sp_d16_hard_t_le_eabi_balanced.a)
  0x00000365  __aeabi_memcpy                             4  Code  Wk  strasmops_arm.o (libc_v7em_fpv4_sp_d16_hard_t_le_eabi_balanced.a)
  0x00000387  __aeabi_memcpy8                            4  Code  Wk  strasmops_arm.o (libc_v7em_fpv4_sp_d16_hard_t_le_eabi_balanced.a)
  0x00000387  __aeabi_memcpy4                            4  Code  Wk  strasmops_arm.o (libc_v7em_fpv4_sp_d16_hard_t_le_eabi_balanced.a)
  0x000003C9  __aeabi_memclr8                            4  Code  Wk  strasmops_arm.o (libc_v7em_fpv4_sp_d16_hard_t_le_eabi_balanced.a)
  0x000003C9  __aeabi_memclr4                            4  Code  Wk  strasmops_arm.o (libc_v7em_fpv4_sp_d16_hard_t_le_eabi_balanced.a)
  0x000003C9  __aeabi_memclr                    104      4  Code  Wk  strasmops_arm.o (libc_v7em_fpv4_sp_d16_hard_t_le_eabi_balanced.a)
  0x000003CB  __aeabi_memset8                            4  Code  Wk  strasmops_arm.o (libc_v7em_fpv4_sp_d16_hard_t_le_eabi_balanced.a)
  0x000003CB  __aeabi_memset4                            4  Code  Wk  strasmops_arm.o (libc_v7em_fpv4_sp_d16_hard_t_le_eabi_balanced.a)
  0x000003CB  __aeabi_memset                             4  Code  Wk  strasmops_arm.o (libc_v7em_fpv4_sp_d16_hard_t_le_eabi_balanced.a)
  0x000003D1  memset                                     4  Code  Wk  strasmops_arm.o (libc_v7em_fpv4_sp_d16_hard_t_le_eabi_balanced.a)
  0x00000431  __SEGGER_init_heap                 16      4  Code  Wk  SEGGER_crtinit.o (SEGGER_crtinit_v7em_fpv4_sp_d16_hard_t_le_eabi_balanced.a)
  0x00000449  __SEGGER_RTL_alloc                104      4  Code  Gb  heapops_basic.o (heapops_basic_v7em_fpv4_sp_d16_hard_t_le_eabi_balanced.a)
  0x000004B1  __SEGGER_RTL_free                 140      4  Code  Gb  heapops_basic.o (heapops_basic_v7em_fpv4_sp_d16_hard_t_le_eabi_balanced.a)
  0x0000053D  __SEGGER_RTL_init_heap             20      4  Code  Wk  heapops_basic.o (heapops_basic_v7em_fpv4_sp_d16_hard_t_le_eabi_balanced.a)
  0x00000551  malloc                             30      4  Code  Wk  heapops.o (heapops_disable_interrupts_locking_v7em_fpv4_sp_d16_hard_t_le_eabi_balanced.a)
  0x00000571  free                               26      4  Code  Wk  heapops.o (heapops_disable_interrupts_locking_v7em_fpv4_sp_d16_hard_t_le_eabi_balanced.a)
  0x0000058D  nrf52_errata_36                   122      4  Code  Lc  system_nrf52.o
  0x00000607  nrf52_handle_approtect             30      2  Code  Lc  system_nrf52.o
  0x00000625  nrf52_errata_66                   122      4  Code  Lc  system_nrf52.o
  0x0000069F  nrf_gpio_pin_set                   30      2  Code  Lc  main.o
  0x000006BD  nrf52_errata_98                   122      4  Code  Lc  system_nrf52.o
  0x00000737  nrf_gpio_pin_port_decode           46      2  Code  Lc  main.o
  0x00000765  nrf52_errata_103                  122      4  Code  Lc  system_nrf52.o
  0x000007DF  nrf_gpio_port_out_set              18      2  Code  Lc  main.o
  0x000007F1  nrf52_errata_115                  122      4  Code  Lc  system_nrf52.o
  0x0000086B  NMI_Handler                                2  Code  Wk  nrf52840_Vectors.o
  0x0000086D  nrf52_errata_120                  122      4  Code  Lc  system_nrf52.o
  0x000008E7  POWER_CLOCK_IRQHandler                     2  Code  Wk  nrf52840_Vectors.o
  0x000008E9  nrf52_errata_136                  122      4  Code  Lc  system_nrf52.o
  0x00000963  RADIO_IRQHandler                           2  Code  Wk  nrf52840_Vectors.o
  0x00000965  nrf52_configuration_249           122      4  Code  Lc  system_nrf52.o
  0x000009DF  UARTE0_UART0_IRQHandler                    2  Code  Wk  nrf52840_Vectors.o
  0x000009E1  SPIM0_SPIS0_TWIM0_TWIS0_SPI0_TWI0_IRQHandler
                                                         2  Code  Wk  nrf52840_Vectors.o
  0x000009E3  SPIM1_SPIS1_TWIM1_TWIS1_SPI1_TWI1_IRQHandler
                                                         2  Code  Wk  nrf52840_Vectors.o
  0x000009E5  NFCT_IRQHandler                            2  Code  Wk  nrf52840_Vectors.o
  0x000009E7  GPIOTE_IRQHandler                          2  Code  Wk  nrf52840_Vectors.o
  0x000009E9  SAADC_IRQHandler                           2  Code  Wk  nrf52840_Vectors.o
  0x000009EB  TIMER0_IRQHandler                          2  Code  Wk  nrf52840_Vectors.o
  0x000009ED  TIMER1_IRQHandler                          2  Code  Wk  nrf52840_Vectors.o
  0x000009EF  TIMER2_IRQHandler                          2  Code  Wk  nrf52840_Vectors.o
  0x000009F1  RTC0_IRQHandler                            2  Code  Wk  nrf52840_Vectors.o
  0x000009F3  TEMP_IRQHandler                            2  Code  Wk  nrf52840_Vectors.o
  0x000009F5  RNG_IRQHandler                             2  Code  Wk  nrf52840_Vectors.o
  0x000009F7  ECB_IRQHandler                             2  Code  Wk  nrf52840_Vectors.o
  0x000009F9  CCM_AAR_IRQHandler                         2  Code  Wk  nrf52840_Vectors.o
  0x000009FB  WDT_IRQHandler                             2  Code  Wk  nrf52840_Vectors.o
  0x000009FD  RTC1_IRQHandler                            2  Code  Wk  nrf52840_Vectors.o
  0x000009FF  QDEC_IRQHandler                            2  Code  Wk  nrf52840_Vectors.o
  0x00000A01  COMP_LPCOMP_IRQHandler                     2  Code  Wk  nrf52840_Vectors.o
  0x00000A03  SWI0_EGU0_IRQHandler                       2  Code  Wk  nrf52840_Vectors.o
  0x00000A05  SWI1_EGU1_IRQHandler                       2  Code  Wk  nrf52840_Vectors.o
  0x00000A07  SWI2_EGU2_IRQHandler                       2  Code  Wk  nrf52840_Vectors.o
  0x00000A09  SWI3_EGU3_IRQHandler                       2  Code  Wk  nrf52840_Vectors.o
  0x00000A0B  SWI4_EGU4_IRQHandler                       2  Code  Wk  nrf52840_Vectors.o
  0x00000A0D  SWI5_EGU5_IRQHandler                       2  Code  Wk  nrf52840_Vectors.o
  0x00000A0F  TIMER3_IRQHandler                          2  Code  Wk  nrf52840_Vectors.o
  0x00000A11  TIMER4_IRQHandler                          2  Code  Wk  nrf52840_Vectors.o
  0x00000A13  PWM0_IRQHandler                            2  Code  Wk  nrf52840_Vectors.o
  0x00000A15  PDM_IRQHandler                             2  Code  Wk  nrf52840_Vectors.o
  0x00000A17  MWU_IRQHandler                             2  Code  Wk  nrf52840_Vectors.o
  0x00000A19  PWM1_IRQHandler                            2  Code  Wk  nrf52840_Vectors.o
  0x00000A1B  PWM2_IRQHandler                            2  Code  Wk  nrf52840_Vectors.o
  0x00000A1D  SPIM2_SPIS2_SPI2_IRQHandler
                                                         2  Code  Wk  nrf52840_Vectors.o
  0x00000A1F  RTC2_IRQHandler                            2  Code  Wk  nrf52840_Vectors.o
  0x00000A21  I2S_IRQHandler                             2  Code  Wk  nrf52840_Vectors.o
  0x00000A23  FPU_IRQHandler                             2  Code  Wk  nrf52840_Vectors.o
  0x00000A25  USBD_IRQHandler                            2  Code  Wk  nrf52840_Vectors.o
  0x00000A27  UARTE1_IRQHandler                          2  Code  Wk  nrf52840_Vectors.o
  0x00000A29  QSPI_IRQHandler                            2  Code  Wk  nrf52840_Vectors.o
  0x00000A2B  CRYPTOCELL_IRQHandler                      2  Code  Wk  nrf52840_Vectors.o
  0x00000A2D  PWM3_IRQHandler                            2  Code  Wk  nrf52840_Vectors.o
  0x00000A2F  SPIM3_IRQHandler                           2  Code  Wk  nrf52840_Vectors.o
  0x00000A31  Dummy_Handler                              2  Code  Wk  nrf52840_Vectors.o
  0x00000A33  pxPortInitialiseStack              94      2  Code  Gb  port.o
  0x00000A91  xPortStartScheduler               326      2  Code  Gb  port.o
  0x00000BD7  vPortEnterCritical                 78      2  Code  Gb  port.o
  0x00000C25  vPortExitCritical                  66      2  Code  Gb  port.o
  0x00000C67  vListInitialise                    46      2  Code  Gb  list.o
  0x00000C95  vListInitialiseItem                14      2  Code  Gb  list.o
  0x00000CA3  prvUnlockQueue                    154      2  Code  Lc  queue.o
  0x00000D3D  xQueueReceive                     410      2  Code  Gb  queue.o
  0x00000ED7  prvCopyDataFromQueue               58      2  Code  Lc  queue.o
  0x00000F11  vQueueAddToRegistry               154      2  Code  Gb  queue.o
  0x00000FAB  prvInitialiseNewTask              262      2  Code  Lc  tasks.o
  0x000010B1  vTaskSwitchContext                182      2  Code  Gb  tasks.o
  0x00001167  prvIdleTask                        50      2  Code  Lc  tasks.o
  0x00001199  xTaskIncrementTick                566      2  Code  Gb  tasks.o
  0x000013CF  vTaskPlaceOnEventList              62      2  Code  Gb  tasks.o
  0x0000140D  vTaskMissedYield                   14      2  Code  Gb  tasks.o
  0x0000141B  prvCheckTasksWaitingTermination
                                                 86      2  Code  Lc  tasks.o
  0x00001471  prvSwitchTimerLists                78      2  Code  Lc  timers.o
  0x000014BF  SystemCoreClockUpdate              20      2  Code  Gb  system_nrf52.o
  0x000014D3  SystemInit                        552      2  Code  Gb  system_nrf52.o
  0x000016FB  blinky_led2                        20      2  Code  Gb  main.o
  0x0000170F  nrf_gpio_cfg_output                28      2  Code  Lc  main.o
  0x0000172B  main                               80      2  Code  Gb  main.o
  0x0000177B  nrf_gpio_cfg                       96      2  Code  Lc  main.o
  0x000017DB  reset_handler                              2  Code  Gb  nRF_Startup.o
  0x000017DB  Reset_Handler                              2  Code  Gb  nRF_Startup.o
  0x000017F3  prvTaskExitError                   68      2  Code  Lc  port.o
  0x00001837  vPortSetupTimerInterrupt           68      2  Code  Wk  port.o
  0x0000187B  SysTick_Handler                    56      2  Code  Gb  port.o
  0x000018B3  pvPortMalloc                       28      2  Code  Gb  heap_3.o
  0x000018CF  vPortFree                          28      2  Code  Gb  heap_3.o
  0x000018EB  vListInsert                        96      2  Code  Gb  list.o
  0x0000194B  uxListRemove                       68      2  Code  Gb  list.o
  0x0000198F  xQueueGenericReset                236      2  Code  Gb  queue.o
  0x00001A7B  xQueueGenericCreate               144      2  Code  Gb  queue.o
  0x00001B0B  prvInitialiseNewQueue              68      2  Code  Lc  queue.o
  0x00001B4F  prvIsQueueEmpty                    36      2  Code  Lc  queue.o
  0x00001B73  vQueueWaitForMessageRestricted
                                                 88      2  Code  Gb  queue.o
  0x00001BCB  xTaskCreate                       148      2  Code  Gb  tasks.o
  0x00001C5F  prvAddNewTaskToReadyList          324      2  Code  Lc  tasks.o
  0x00001DA3  prvResetNextTaskUnblockTime
                                                 56      2  Code  Lc  tasks.o
  0x00001DDB  prvDeleteTCB                       24      2  Code  Lc  tasks.o
  0x00001DF3  vTaskSuspendAll                    16      2  Code  Gb  tasks.o
  0x00001E03  prvAddCurrentTaskToDelayedList
                                                232      2  Code  Lc  tasks.o
  0x00001EEB  xTaskResumeAll                    504      2  Code  Gb  tasks.o
  0x000020E3  vTaskStartScheduler               168      2  Code  Gb  tasks.o
  0x0000218B  xTaskGetTickCount                  20      2  Code  Gb  tasks.o
  0x0000219F  vTaskPlaceOnEventListRestricted
                                                116      2  Code  Gb  tasks.o
  0x00002213  xTaskRemoveFromEventList          384      2  Code  Gb  tasks.o
  0x00002393  vTaskInternalSetTimeOutState
                                                 36      2  Code  Gb  tasks.o
  0x000023B7  xTaskCheckForTimeOut              188      2  Code  Gb  tasks.o
  0x00002473  xTaskGetSchedulerState             48      2  Code  Gb  tasks.o
  0x000024A3  prvInitialiseTaskLists            136      2  Code  Lc  tasks.o
  0x0000252B  xTimerCreateTimerTask             100      2  Code  Gb  timers.o
  0x0000258F  prvCheckForValidListAndQueue
                                                132      2  Code  Lc  timers.o
  0x00002613  prvTimerTask                       28      2  Code  Lc  timers.o
  0x0000262F  prvGetNextExpireTime               60      2  Code  Lc  timers.o
  0x0000266B  prvProcessTimerOrBlockTask
                                                136      2  Code  Lc  timers.o
  0x000026F3  prvSampleTimeNow                   64      2  Code  Lc  timers.o
  0x00002733  prvProcessExpiredTimer             80      2  Code  Lc  timers.o
  0x00002783  prvReloadTimer                     48      2  Code  Lc  timers.o
  0x000027B3  prvInsertTimerInActiveList
                                                120      2  Code  Lc  timers.o
  0x00002849  __SEGGER_init_ctors                26      4  Code  Wk  SEGGER_crtinit.o (SEGGER_crtinit_v7em_fpv4_sp_d16_hard_t_le_eabi_balanced.a)
  0x0000289D  __SEGGER_init_zero                 18      2  Code  Wk  SEGGER_crtinit.o (SEGGER_crtinit_v7em_fpv4_sp_d16_hard_t_le_eabi_balanced.a)
  0x000028AF  __SEGGER_init_copy                 20      2  Code  Wk  SEGGER_crtinit.o (SEGGER_crtinit_v7em_fpv4_sp_d16_hard_t_le_eabi_balanced.a)

Function symbols by descending size:

  Symbol name                      Size  Align  Type  Bd  Object File
  -------------------------  ----------  -----  ----  --  -----------
  xTaskIncrementTick                566      2  Code  Gb  tasks.o
  SystemInit                        552      2  Code  Gb  system_nrf52.o
  xTaskResumeAll                    504      2  Code  Gb  tasks.o
  xQueueReceive                     410      2  Code  Gb  queue.o
  xTaskRemoveFromEventList          384      2  Code  Gb  tasks.o
  prvProcessReceivedCommands
                                    344      4  Code  Lc  timers.o
  xPortStartScheduler               326      2  Code  Gb  port.o
  prvAddNewTaskToReadyList          324      2  Code  Lc  tasks.o
  prvInitialiseNewTask              262      2  Code  Lc  tasks.o
  xQueueGenericReset                236      2  Code  Gb  queue.o
  prvAddCurrentTaskToDelayedList
                                    232      2  Code  Lc  tasks.o
  xTaskCheckForTimeOut              188      2  Code  Gb  tasks.o
  vTaskSwitchContext                182      2  Code  Gb  tasks.o
  vTaskStartScheduler               168      2  Code  Gb  tasks.o
  prvUnlockQueue                    154      2  Code  Lc  queue.o
  vQueueAddToRegistry               154      2  Code  Gb  queue.o
  xTaskCreate                       148      2  Code  Gb  tasks.o
  xQueueGenericCreate               144      2  Code  Gb  queue.o
  __SEGGER_RTL_free                 140      4  Code  Gb  heapops_basic.o (heapops_basic_v7em_fpv4_sp_d16_hard_t_le_eabi_balanced.a)
  prvInitialiseTaskLists            136      2  Code  Lc  tasks.o
  prvProcessTimerOrBlockTask
                                    136      2  Code  Lc  timers.o
  prvCheckForValidListAndQueue
                                    132      2  Code  Lc  timers.o
  nrf52_configuration_249           122      4  Code  Lc  system_nrf52.o
  nrf52_errata_103                  122      4  Code  Lc  system_nrf52.o
  nrf52_errata_115                  122      4  Code  Lc  system_nrf52.o
  nrf52_errata_120                  122      4  Code  Lc  system_nrf52.o
  nrf52_errata_136                  122      4  Code  Lc  system_nrf52.o
  nrf52_errata_36                   122      4  Code  Lc  system_nrf52.o
  nrf52_errata_66                   122      4  Code  Lc  system_nrf52.o
  nrf52_errata_98                   122      4  Code  Lc  system_nrf52.o
  prvInsertTimerInActiveList
                                    120      2  Code  Lc  timers.o
  vTaskPlaceOnEventListRestricted
                                    116      2  Code  Gb  tasks.o
  __SEGGER_RTL_alloc                104      4  Code  Gb  heapops_basic.o (heapops_basic_v7em_fpv4_sp_d16_hard_t_le_eabi_balanced.a)
  __aeabi_memclr                    104      4  Code  Wk  strasmops_arm.o (libc_v7em_fpv4_sp_d16_hard_t_le_eabi_balanced.a)
  PendSV_Handler                    100     16  Code  Gb  port.o
  xTimerCreateTimerTask             100      2  Code  Gb  timers.o
  memcpy                             98      4  Code  Wk  strasmops_arm.o (libc_v7em_fpv4_sp_d16_hard_t_le_eabi_balanced.a)
  nrf_gpio_cfg                       96      2  Code  Lc  main.o
  vListInsert                        96      2  Code  Gb  list.o
  pxPortInitialiseStack              94      2  Code  Gb  port.o
  vQueueWaitForMessageRestricted
                                     88      2  Code  Gb  queue.o
  prvCheckTasksWaitingTermination
                                     86      2  Code  Lc  tasks.o
  main                               80      2  Code  Gb  main.o
  prvProcessExpiredTimer             80      2  Code  Lc  timers.o
  prvSwitchTimerLists                78      2  Code  Lc  timers.o
  vPortEnterCritical                 78      2  Code  Gb  port.o
  prvInitialiseNewQueue              68      2  Code  Lc  queue.o
  prvTaskExitError                   68      2  Code  Lc  port.o
  uxListRemove                       68      2  Code  Gb  list.o
  vPortSetupTimerInterrupt           68      2  Code  Wk  port.o
  vPortExitCritical                  66      2  Code  Gb  port.o
  prvSampleTimeNow                   64      2  Code  Lc  timers.o
  vTaskPlaceOnEventList              62      2  Code  Gb  tasks.o
  prvGetNextExpireTime               60      2  Code  Lc  timers.o
  prvCopyDataFromQueue               58      2  Code  Lc  queue.o
  SysTick_Handler                    56      2  Code  Gb  port.o
  prvResetNextTaskUnblockTime
                                     56      2  Code  Lc  tasks.o
  prvIdleTask                        50      2  Code  Lc  tasks.o
  prvReloadTimer                     48      2  Code  Lc  timers.o
  xTaskGetSchedulerState             48      2  Code  Gb  tasks.o
  nrf_gpio_pin_port_decode           46      2  Code  Lc  main.o
  vListInitialise                    46      2  Code  Gb  list.o
  prvPortStartFirstTask              40      4  Code  Lc  port.o
  SVC_Handler                        36     16  Code  Gb  port.o
  prvIsQueueEmpty                    36      2  Code  Lc  queue.o
  vTaskInternalSetTimeOutState
                                     36      2  Code  Gb  tasks.o
  malloc                             30      4  Code  Wk  heapops.o (heapops_disable_interrupts_locking_v7em_fpv4_sp_d16_hard_t_le_eabi_balanced.a)
  nrf52_handle_approtect             30      2  Code  Lc  system_nrf52.o
  nrf_gpio_pin_set                   30      2  Code  Lc  main.o
  nrf_gpio_cfg_output                28      2  Code  Lc  main.o
  prvTimerTask                       28      2  Code  Lc  timers.o
  pvPortMalloc                       28      2  Code  Gb  heap_3.o
  vPortFree                          28      2  Code  Gb  heap_3.o
  __SEGGER_init_ctors                26      4  Code  Wk  SEGGER_crtinit.o (SEGGER_crtinit_v7em_fpv4_sp_d16_hard_t_le_eabi_balanced.a)
  free                               26      4  Code  Wk  heapops.o (heapops_disable_interrupts_locking_v7em_fpv4_sp_d16_hard_t_le_eabi_balanced.a)
  prvDeleteTCB                       24      2  Code  Lc  tasks.o
  SystemCoreClockUpdate              20      2  Code  Gb  system_nrf52.o
  __SEGGER_RTL_init_heap             20      4  Code  Wk  heapops_basic.o (heapops_basic_v7em_fpv4_sp_d16_hard_t_le_eabi_balanced.a)
  __SEGGER_init_copy                 20      2  Code  Wk  SEGGER_crtinit.o (SEGGER_crtinit_v7em_fpv4_sp_d16_hard_t_le_eabi_balanced.a)
  blinky_led2                        20      2  Code  Gb  main.o
  vPortEnableVFP                     20      4  Code  Lc  port.o
  xTaskGetTickCount                  20      2  Code  Gb  tasks.o
  __SEGGER_init_zero                 18      2  Code  Wk  SEGGER_crtinit.o (SEGGER_crtinit_v7em_fpv4_sp_d16_hard_t_le_eabi_balanced.a)
  nrf_gpio_port_out_set              18      2  Code  Lc  main.o
  __SEGGER_init_heap                 16      4  Code  Wk  SEGGER_crtinit.o (SEGGER_crtinit_v7em_fpv4_sp_d16_hard_t_le_eabi_balanced.a)
  vTaskSuspendAll                    16      2  Code  Gb  tasks.o
  _start                             14      4  Code  Gb  SEGGER_THUMB_Startup.o
  vListInitialiseItem                14      2  Code  Gb  list.o
  vTaskMissedYield                   14      2  Code  Gb  tasks.o
  __heap_lock                         2      4  Code  Wk  heapops.o (heapops_disable_interrupts_locking_v7em_fpv4_sp_d16_hard_t_le_eabi_balanced.a)
  __heap_unlock                       2      4  Code  Wk  heapops.o (heapops_disable_interrupts_locking_v7em_fpv4_sp_d16_hard_t_le_eabi_balanced.a)
  exit                                2      4  Code  Gb  SEGGER_THUMB_Startup.o
  CCM_AAR_IRQHandler                         2  Code  Wk  nrf52840_Vectors.o
  COMP_LPCOMP_IRQHandler                     2  Code  Wk  nrf52840_Vectors.o
  CRYPTOCELL_IRQHandler                      2  Code  Wk  nrf52840_Vectors.o
  Dummy_Handler                              2  Code  Wk  nrf52840_Vectors.o
  ECB_IRQHandler                             2  Code  Wk  nrf52840_Vectors.o
  FPU_IRQHandler                             2  Code  Wk  nrf52840_Vectors.o
  GPIOTE_IRQHandler                          2  Code  Wk  nrf52840_Vectors.o
  HardFault_Handler                          4  Code  Wk  nRF_Startup.o
  I2S_IRQHandler                             2  Code  Wk  nrf52840_Vectors.o
  MWU_IRQHandler                             2  Code  Wk  nrf52840_Vectors.o
  NFCT_IRQHandler                            2  Code  Wk  nrf52840_Vectors.o
  NMI_Handler                                2  Code  Wk  nrf52840_Vectors.o
  PDM_IRQHandler                             2  Code  Wk  nrf52840_Vectors.o
  POWER_CLOCK_IRQHandler                     2  Code  Wk  nrf52840_Vectors.o
  PWM0_IRQHandler                            2  Code  Wk  nrf52840_Vectors.o
  PWM1_IRQHandler                            2  Code  Wk  nrf52840_Vectors.o
  PWM2_IRQHandler                            2  Code  Wk  nrf52840_Vectors.o
  PWM3_IRQHandler                            2  Code  Wk  nrf52840_Vectors.o
  QDEC_IRQHandler                            2  Code  Wk  nrf52840_Vectors.o
  QSPI_IRQHandler                            2  Code  Wk  nrf52840_Vectors.o
  RADIO_IRQHandler                           2  Code  Wk  nrf52840_Vectors.o
  RNG_IRQHandler                             2  Code  Wk  nrf52840_Vectors.o
  RTC0_IRQHandler                            2  Code  Wk  nrf52840_Vectors.o
  RTC1_IRQHandler                            2  Code  Wk  nrf52840_Vectors.o
  RTC2_IRQHandler                            2  Code  Wk  nrf52840_Vectors.o
  Reset_Handler                              2  Code  Gb  nRF_Startup.o
  SAADC_IRQHandler                           2  Code  Wk  nrf52840_Vectors.o
  SPIM0_SPIS0_TWIM0_TWIS0_SPI0_TWI0_IRQHandler
                                             2  Code  Wk  nrf52840_Vectors.o
  SPIM1_SPIS1_TWIM1_TWIS1_SPI1_TWI1_IRQHandler
                                             2  Code  Wk  nrf52840_Vectors.o
  SPIM2_SPIS2_SPI2_IRQHandler
                                             2  Code  Wk  nrf52840_Vectors.o
  SPIM3_IRQHandler                           2  Code  Wk  nrf52840_Vectors.o
  SWI0_EGU0_IRQHandler                       2  Code  Wk  nrf52840_Vectors.o
  SWI1_EGU1_IRQHandler                       2  Code  Wk  nrf52840_Vectors.o
  SWI2_EGU2_IRQHandler                       2  Code  Wk  nrf52840_Vectors.o
  SWI3_EGU3_IRQHandler                       2  Code  Wk  nrf52840_Vectors.o
  SWI4_EGU4_IRQHandler                       2  Code  Wk  nrf52840_Vectors.o
  SWI5_EGU5_IRQHandler                       2  Code  Wk  nrf52840_Vectors.o
  TEMP_IRQHandler                            2  Code  Wk  nrf52840_Vectors.o
  TIMER0_IRQHandler                          2  Code  Wk  nrf52840_Vectors.o
  TIMER1_IRQHandler                          2  Code  Wk  nrf52840_Vectors.o
  TIMER2_IRQHandler                          2  Code  Wk  nrf52840_Vectors.o
  TIMER3_IRQHandler                          2  Code  Wk  nrf52840_Vectors.o
  TIMER4_IRQHandler                          2  Code  Wk  nrf52840_Vectors.o
  UARTE0_UART0_IRQHandler                    2  Code  Wk  nrf52840_Vectors.o
  UARTE1_IRQHandler                          2  Code  Wk  nrf52840_Vectors.o
  USBD_IRQHandler                            2  Code  Wk  nrf52840_Vectors.o
  WDT_IRQHandler                             2  Code  Wk  nrf52840_Vectors.o
  __SEGGER_init_done                         4  Code  Gb  SEGGER_THUMB_Startup.o
  __aeabi_memclr4                            4  Code  Wk  strasmops_arm.o (libc_v7em_fpv4_sp_d16_hard_t_le_eabi_balanced.a)
  __aeabi_memclr8                            4  Code  Wk  strasmops_arm.o (libc_v7em_fpv4_sp_d16_hard_t_le_eabi_balanced.a)
  __aeabi_memcpy                             4  Code  Wk  strasmops_arm.o (libc_v7em_fpv4_sp_d16_hard_t_le_eabi_balanced.a)
  __aeabi_memcpy4                            4  Code  Wk  strasmops_arm.o (libc_v7em_fpv4_sp_d16_hard_t_le_eabi_balanced.a)
  __aeabi_memcpy8                            4  Code  Wk  strasmops_arm.o (libc_v7em_fpv4_sp_d16_hard_t_le_eabi_balanced.a)
  __aeabi_memset                             4  Code  Wk  strasmops_arm.o (libc_v7em_fpv4_sp_d16_hard_t_le_eabi_balanced.a)
  __aeabi_memset4                            4  Code  Wk  strasmops_arm.o (libc_v7em_fpv4_sp_d16_hard_t_le_eabi_balanced.a)
  __aeabi_memset8                            4  Code  Wk  strasmops_arm.o (libc_v7em_fpv4_sp_d16_hard_t_le_eabi_balanced.a)
  __startup_complete                         4  Code  Gb  SEGGER_THUMB_Startup.o
  memset                                     4  Code  Wk  strasmops_arm.o (libc_v7em_fpv4_sp_d16_hard_t_le_eabi_balanced.a)
  reset_handler                              2  Code  Gb  nRF_Startup.o

Read-write data symbols by name:

  Symbol name                   Address        Size  Align  Type  Bd  Object File
  -------------------------  ----------  ----------  -----  ----  --  -----------
  SystemCoreClock            0x2000058C           4      4  Init  Gb  system_nrf52.o
  __SEGGER_RTL_heap_globals  0x20000580           4      4  Zero  Lc  heapops_basic.o (heapops_basic_v7em_fpv4_sp_d16_hard_t_le_eabi_balanced.a)
  prvSampleTimeNow.xLastTime
                             0x2000057C           4      4  Zero  Lc  timers.o
  pxCurrentTCB               0x20000578           4      4  Zero  Gb  tasks.o
  pxCurrentTimerList         0x20000574           4      4  Zero  Lc  timers.o
  pxDelayedTaskList          0x20000570           4      4  Zero  Lc  tasks.o
  pxOverflowDelayedTaskList  0x2000056C           4      4  Zero  Lc  tasks.o
  pxOverflowTimerList        0x20000568           4      4  Zero  Lc  timers.o
  pxReadyTasksLists          0x20000000       1 120      4  Zero  Lc  tasks.o
  ucMaxSysCallPriority       0x20000584           1         Zero  Lc  port.o
  ulMaxPRIGROUPValue         0x20000564           4      4  Zero  Lc  port.o
  uxCriticalNesting          0x20000588           4      4  Init  Lc  port.o
  uxCurrentNumberOfTasks     0x20000560           4      4  Zero  Lc  tasks.o
  uxDeletedTasksWaitingCleanUp
                             0x2000055C           4      4  Zero  Lc  tasks.o
  uxSchedulerSuspended       0x20000558           4      4  Zero  Lc  tasks.o
  uxTaskNumber               0x20000554           4      4  Zero  Lc  tasks.o
  uxTopReadyPriority         0x20000550           4      4  Zero  Lc  tasks.o
  xActiveTimerList1          0x20000518          20      4  Zero  Lc  timers.o
  xActiveTimerList2          0x20000504          20      4  Zero  Lc  timers.o
  xDelayedTaskList1          0x200004F0          20      4  Zero  Lc  tasks.o
  xDelayedTaskList2          0x200004DC          20      4  Zero  Lc  tasks.o
  xIdleTaskHandle            0x2000054C           4      4  Zero  Lc  tasks.o
  xNextTaskUnblockTime       0x20000548           4      4  Zero  Lc  tasks.o
  xNumOfOverflows            0x20000544           4      4  Zero  Lc  tasks.o
  xPendedTicks               0x20000540           4      4  Zero  Lc  tasks.o
  xPendingReadyList          0x200004C8          20      4  Zero  Lc  tasks.o
  xQueueRegistry             0x20000460          64      4  Zero  Gb  queue.o
  xSchedulerRunning          0x2000053C           4      4  Zero  Lc  tasks.o
  xSuspendedTaskList         0x200004B4          20      4  Zero  Lc  tasks.o
  xTasksWaitingTermination   0x200004A0          20      4  Zero  Lc  tasks.o
  xTickCount                 0x20000538           4      4  Zero  Lc  tasks.o
  xTimerQueue                0x20000534           4      4  Zero  Lc  timers.o
  xTimerTaskHandle           0x20000530           4      4  Zero  Lc  timers.o
  xYieldPending              0x2000052C           4      4  Zero  Lc  tasks.o

Read-write data symbols by address:

     Address  Symbol name                      Size  Align  Type  Bd  Object File
  ----------  -------------------------  ----------  -----  ----  --  -----------
  0x20000000  pxReadyTasksLists               1 120      4  Zero  Lc  tasks.o
  0x20000460  xQueueRegistry                     64      4  Zero  Gb  queue.o
  0x200004A0  xTasksWaitingTermination           20      4  Zero  Lc  tasks.o
  0x200004B4  xSuspendedTaskList                 20      4  Zero  Lc  tasks.o
  0x200004C8  xPendingReadyList                  20      4  Zero  Lc  tasks.o
  0x200004DC  xDelayedTaskList2                  20      4  Zero  Lc  tasks.o
  0x200004F0  xDelayedTaskList1                  20      4  Zero  Lc  tasks.o
  0x20000504  xActiveTimerList2                  20      4  Zero  Lc  timers.o
  0x20000518  xActiveTimerList1                  20      4  Zero  Lc  timers.o
  0x2000052C  xYieldPending                       4      4  Zero  Lc  tasks.o
  0x20000530  xTimerTaskHandle                    4      4  Zero  Lc  timers.o
  0x20000534  xTimerQueue                         4      4  Zero  Lc  timers.o
  0x20000538  xTickCount                          4      4  Zero  Lc  tasks.o
  0x2000053C  xSchedulerRunning                   4      4  Zero  Lc  tasks.o
  0x20000540  xPendedTicks                        4      4  Zero  Lc  tasks.o
  0x20000544  xNumOfOverflows                     4      4  Zero  Lc  tasks.o
  0x20000548  xNextTaskUnblockTime                4      4  Zero  Lc  tasks.o
  0x2000054C  xIdleTaskHandle                     4      4  Zero  Lc  tasks.o
  0x20000550  uxTopReadyPriority                  4      4  Zero  Lc  tasks.o
  0x20000554  uxTaskNumber                        4      4  Zero  Lc  tasks.o
  0x20000558  uxSchedulerSuspended                4      4  Zero  Lc  tasks.o
  0x2000055C  uxDeletedTasksWaitingCleanUp
                                                  4      4  Zero  Lc  tasks.o
  0x20000560  uxCurrentNumberOfTasks              4      4  Zero  Lc  tasks.o
  0x20000564  ulMaxPRIGROUPValue                  4      4  Zero  Lc  port.o
  0x20000568  pxOverflowTimerList                 4      4  Zero  Lc  timers.o
  0x2000056C  pxOverflowDelayedTaskList           4      4  Zero  Lc  tasks.o
  0x20000570  pxDelayedTaskList                   4      4  Zero  Lc  tasks.o
  0x20000574  pxCurrentTimerList                  4      4  Zero  Lc  timers.o
  0x20000578  pxCurrentTCB                        4      4  Zero  Gb  tasks.o
  0x2000057C  prvSampleTimeNow.xLastTime
                                                  4      4  Zero  Lc  timers.o
  0x20000580  __SEGGER_RTL_heap_globals           4      4  Zero  Lc  heapops_basic.o (heapops_basic_v7em_fpv4_sp_d16_hard_t_le_eabi_balanced.a)
  0x20000584  ucMaxSysCallPriority                1         Zero  Lc  port.o
  0x20000588  uxCriticalNesting                   4      4  Init  Lc  port.o
  0x2000058C  SystemCoreClock                     4      4  Init  Gb  system_nrf52.o

Read-write data symbols by descending size:

  Symbol name                      Size  Align  Type  Bd  Object File
  -------------------------  ----------  -----  ----  --  -----------
  pxReadyTasksLists               1 120      4  Zero  Lc  tasks.o
  xQueueRegistry                     64      4  Zero  Gb  queue.o
  xActiveTimerList1                  20      4  Zero  Lc  timers.o
  xActiveTimerList2                  20      4  Zero  Lc  timers.o
  xDelayedTaskList1                  20      4  Zero  Lc  tasks.o
  xDelayedTaskList2                  20      4  Zero  Lc  tasks.o
  xPendingReadyList                  20      4  Zero  Lc  tasks.o
  xSuspendedTaskList                 20      4  Zero  Lc  tasks.o
  xTasksWaitingTermination           20      4  Zero  Lc  tasks.o
  SystemCoreClock                     4      4  Init  Gb  system_nrf52.o
  __SEGGER_RTL_heap_globals           4      4  Zero  Lc  heapops_basic.o (heapops_basic_v7em_fpv4_sp_d16_hard_t_le_eabi_balanced.a)
  prvSampleTimeNow.xLastTime
                                      4      4  Zero  Lc  timers.o
  pxCurrentTCB                        4      4  Zero  Gb  tasks.o
  pxCurrentTimerList                  4      4  Zero  Lc  timers.o
  pxDelayedTaskList                   4      4  Zero  Lc  tasks.o
  pxOverflowDelayedTaskList           4      4  Zero  Lc  tasks.o
  pxOverflowTimerList                 4      4  Zero  Lc  timers.o
  ulMaxPRIGROUPValue                  4      4  Zero  Lc  port.o
  uxCriticalNesting                   4      4  Init  Lc  port.o
  uxCurrentNumberOfTasks              4      4  Zero  Lc  tasks.o
  uxDeletedTasksWaitingCleanUp
                                      4      4  Zero  Lc  tasks.o
  uxSchedulerSuspended                4      4  Zero  Lc  tasks.o
  uxTaskNumber                        4      4  Zero  Lc  tasks.o
  uxTopReadyPriority                  4      4  Zero  Lc  tasks.o
  xIdleTaskHandle                     4      4  Zero  Lc  tasks.o
  xNextTaskUnblockTime                4      4  Zero  Lc  tasks.o
  xNumOfOverflows                     4      4  Zero  Lc  tasks.o
  xPendedTicks                        4      4  Zero  Lc  tasks.o
  xSchedulerRunning                   4      4  Zero  Lc  tasks.o
  xTickCount                          4      4  Zero  Lc  tasks.o
  xTimerQueue                         4      4  Zero  Lc  timers.o
  xTimerTaskHandle                    4      4  Zero  Lc  timers.o
  xYieldPending                       4      4  Zero  Lc  tasks.o
  ucMaxSysCallPriority                1         Zero  Lc  port.o

Read-only data symbols by name:

  Symbol name                   Address        Size  Align  Type  Bd  Object File
  -------------------------  ----------  ----------  -----  ----  --  -----------
  __SEGGER_init_data__       0x00002894         [8]      4  Cnst  Lc  [ Linker created ]
  __SEGGER_init_table__      0x0000286C        [40]      4  Cnst  Lc  [ Linker created ]
  uxTopUsedPriority          0x00000124           4      4  Cnst  Gb  tasks.o

Read-only data symbols by address:

     Address  Symbol name                      Size  Align  Type  Bd  Object File
  ----------  -------------------------  ----------  -----  ----  --  -----------
  0x00000124  uxTopUsedPriority                   4      4  Cnst  Gb  tasks.o
  0x0000286C  __SEGGER_init_table__            [40]      4  Cnst  Lc  [ Linker created ]
  0x00002894  __SEGGER_init_data__              [8]      4  Cnst  Lc  [ Linker created ]

Untyped symbols by name:

  Symbol name                     Value        Size  Align  Type  Bd  Object File
  -------------------------  ----------  ----------  -----  ----  --  -----------
  __CODE_RAM1_segment_end__  0x00840000                     ----  Gb  [ Linker created ]
  __CODE_RAM1_segment_size__
                             0x00040000                     ----  Gb  [ Linker created ]
  __CODE_RAM1_segment_start__
                             0x00800000                     ----  Gb  [ Linker created ]
  __CODE_RAM1_segment_used_end__
                             0x00800000                     ----  Gb  [ Linker created ]
  __CODE_RAM1_segment_used_size__
                             0x00000000                     ----  Gb  [ Linker created ]
  __CODE_RAM1_segment_used_start__
                             0x00800000                     ----  Gb  [ Linker created ]
  __EXT_FLASH1_segment_end__
                             0x1A000000                     ----  Gb  [ Linker created ]
  __EXT_FLASH1_segment_size__
                             0x08000000                     ----  Gb  [ Linker created ]
  __EXT_FLASH1_segment_start__
                             0x12000000                     ----  Gb  [ Linker created ]
  __EXT_FLASH1_segment_used_end__
                             0x12000000                     ----  Gb  [ Linker created ]
  __EXT_FLASH1_segment_used_size__
                             0x00000000                     ----  Gb  [ Linker created ]
  __EXT_FLASH1_segment_used_start__
                             0x12000000                     ----  Gb  [ Linker created ]
  __FLASH1_segment_end__     0x00100000                     ----  Gb  [ Linker created ]
  __FLASH1_segment_size__    0x00100000                     ----  Gb  [ Linker created ]
  __FLASH1_segment_start__   0x00000000                     ----  Gb  [ Linker created ]
  __FLASH1_segment_used_end__
                             0x000028C2                     ----  Gb  [ Linker created ]
  __FLASH1_segment_used_size__
                             0x000028C2                     ----  Gb  [ Linker created ]
  __FLASH1_segment_used_start__
                             0x00000000                     ----  Gb  [ Linker created ]
  __FLASH_segment_end__      0x00100000                     ----  Gb  [ Linker created ]
  __FLASH_segment_size__     0x00100000                     ----  Gb  [ Linker created ]
  __FLASH_segment_start__    0x00000000                     ----  Gb  [ Linker created ]
  __FLASH_segment_used_end__
                             0x000028C2                     ----  Gb  [ Linker created ]
  __FLASH_segment_used_size__
                             0x000028C2                     ----  Gb  [ Linker created ]
  __FLASH_segment_used_start__
                             0x00000000                     ----  Gb  [ Linker created ]
  __HEAPSIZE__               0x00000400                     ----  Gb  [ Linker created ]
  __RAM1_segment_end__       0x20040000                     ----  Gb  [ Linker created ]
  __RAM1_segment_size__      0x00040000                     ----  Gb  [ Linker created ]
  __RAM1_segment_start__     0x20000000                     ----  Gb  [ Linker created ]
  __RAM1_segment_used_end__  0x20040000                     ----  Gb  [ Linker created ]
  __RAM1_segment_used_size__
                             0x00040000                     ----  Gb  [ Linker created ]
  __RAM1_segment_used_start__
                             0x20000000                     ----  Gb  [ Linker created ]
  __RAM_segment_end__        0x20040000                     ----  Gb  [ Linker created ]
  __RAM_segment_size__       0x00040000                     ----  Gb  [ Linker created ]
  __RAM_segment_start__      0x20000000                     ----  Gb  [ Linker created ]
  __RAM_segment_used_end__   0x20040000                     ----  Gb  [ Linker created ]
  __RAM_segment_used_size__  0x00040000                     ----  Gb  [ Linker created ]
  __RAM_segment_used_start__
                             0x20000000                     ----  Gb  [ Linker created ]
  __STACKSIZE_PROCESS__      0x00000000                     ----  Gb  [ Linker created ]
  __STACKSIZE__              0x00000800                     ----  Gb  [ Linker created ]
  __ctors_end__              0x00002838                     ----  Gb  [ Linker created ]
  __ctors_start__            0x00002834                     ----  Gb  [ Linker created ]
  __heap_end__               0x20000990                     ----  Gb  [ Linker created ]
  __heap_start__             0x20000590                     ----  Gb  [ Linker created ]
  __stack_end__              0x20040000                     ----  Gb  [ Linker created ]
  __thread_pointer$          0x00000000                     ----  Gb  [ Linker created ]
  _vectors                   0x00000000       [256]    256  Code  Gb  nrf52840_Vectors.o
  _vectors_end               0x00000100                256  Code  Lc  nrf52840_Vectors.o
  pxCurrentTCBConst          0x00000190                 16  Code  Lc  port.o
  pxCurrentTCBConst2         0x00000120                 16  Code  Lc  port.o

Untyped symbols by address:

       Value  Symbol name                      Size  Align  Type  Bd  Object File
  ----------  -------------------------  ----------  -----  ----  --  -----------
  0x00000000  _vectors                        [256]    256  Code  Gb  nrf52840_Vectors.o
  0x00000000  __thread_pointer$                             ----  Gb  [ Linker created ]
  0x00000000  __STACKSIZE_PROCESS__                         ----  Gb  [ Linker created ]
  0x00000000  __FLASH_segment_used_start__
                                                            ----  Gb  [ Linker created ]
  0x00000000  __FLASH_segment_start__                       ----  Gb  [ Linker created ]
  0x00000000  __FLASH1_segment_used_start__
                                                            ----  Gb  [ Linker created ]
  0x00000000  __FLASH1_segment_start__                      ----  Gb  [ Linker created ]
  0x00000000  __EXT_FLASH1_segment_used_size__
                                                            ----  Gb  [ Linker created ]
  0x00000000  __CODE_RAM1_segment_used_size__
                                                            ----  Gb  [ Linker created ]
  0x00000100  _vectors_end                             256  Code  Lc  nrf52840_Vectors.o
  0x00000120  pxCurrentTCBConst2                        16  Code  Lc  port.o
  0x00000190  pxCurrentTCBConst                         16  Code  Lc  port.o
  0x00000400  __HEAPSIZE__                                  ----  Gb  [ Linker created ]
  0x00000800  __STACKSIZE__                                 ----  Gb  [ Linker created ]
  0x00002834  __ctors_start__                               ----  Gb  [ Linker created ]
  0x00002838  __ctors_end__                                 ----  Gb  [ Linker created ]
  0x000028C2  __FLASH_segment_used_size__
                                                            ----  Gb  [ Linker created ]
  0x000028C2  __FLASH_segment_used_end__
                                                            ----  Gb  [ Linker created ]
  0x000028C2  __FLASH1_segment_used_size__
                                                            ----  Gb  [ Linker created ]
  0x000028C2  __FLASH1_segment_used_end__
                                                            ----  Gb  [ Linker created ]
  0x00040000  __RAM_segment_used_size__                     ----  Gb  [ Linker created ]
  0x00040000  __RAM_segment_size__                          ----  Gb  [ Linker created ]
  0x00040000  __RAM1_segment_used_size__
                                                            ----  Gb  [ Linker created ]
  0x00040000  __RAM1_segment_size__                         ----  Gb  [ Linker created ]
  0x00040000  __CODE_RAM1_segment_size__
                                                            ----  Gb  [ Linker created ]
  0x00100000  __FLASH_segment_size__                        ----  Gb  [ Linker created ]
  0x00100000  __FLASH_segment_end__                         ----  Gb  [ Linker created ]
  0x00100000  __FLASH1_segment_size__                       ----  Gb  [ Linker created ]
  0x00100000  __FLASH1_segment_end__                        ----  Gb  [ Linker created ]
  0x00800000  __CODE_RAM1_segment_used_start__
                                                            ----  Gb  [ Linker created ]
  0x00800000  __CODE_RAM1_segment_used_end__
                                                            ----  Gb  [ Linker created ]
  0x00800000  __CODE_RAM1_segment_start__
                                                            ----  Gb  [ Linker created ]
  0x00840000  __CODE_RAM1_segment_end__                     ----  Gb  [ Linker created ]
  0x08000000  __EXT_FLASH1_segment_size__
                                                            ----  Gb  [ Linker created ]
  0x12000000  __EXT_FLASH1_segment_used_start__
                                                            ----  Gb  [ Linker created ]
  0x12000000  __EXT_FLASH1_segment_used_end__
                                                            ----  Gb  [ Linker created ]
  0x12000000  __EXT_FLASH1_segment_start__
                                                            ----  Gb  [ Linker created ]
  0x1A000000  __EXT_FLASH1_segment_end__
                                                            ----  Gb  [ Linker created ]
  0x20000000  __RAM_segment_used_start__
                                                            ----  Gb  [ Linker created ]
  0x20000000  __RAM_segment_start__                         ----  Gb  [ Linker created ]
  0x20000000  __RAM1_segment_used_start__
                                                            ----  Gb  [ Linker created ]
  0x20000000  __RAM1_segment_start__                        ----  Gb  [ Linker created ]
  0x20000590  __heap_start__                                ----  Gb  [ Linker created ]
  0x20000990  __heap_end__                                  ----  Gb  [ Linker created ]
  0x20040000  __stack_end__                                 ----  Gb  [ Linker created ]
  0x20040000  __RAM_segment_used_end__                      ----  Gb  [ Linker created ]
  0x20040000  __RAM_segment_end__                           ----  Gb  [ Linker created ]
  0x20040000  __RAM1_segment_used_end__                     ----  Gb  [ Linker created ]
  0x20040000  __RAM1_segment_end__                          ----  Gb  [ Linker created ]


***********************************************************************************************
***                                                                                         ***
***                                      LINK SUMMARY                                       ***
***                                                                                         ***
***********************************************************************************************

Memory breakdown:

   10 352 bytes read-only  code    + 
       78 bytes read-only  data    =  10 430 bytes read-only (total)
    4 493 bytes read-write data

Region summary:

  Name        Range                     Size                 Used               Unused       Alignment Loss
  ----------  -----------------  -----------  -------------------  -------------------  -------------------
  FLASH       00000000-000fffff    1 048 576       10 434   1.00%    1 038 142  99.00%            0   0.00%
  RAM         20000000-2003ffff      262 144        4 493   1.71%      257 651  98.29%            0   0.00%

Link complete: 0 errors, 0 warnings, 0 remarks
